[1.808s] Invoking command in '/home/ram/MRT/turtle/build/turtlebot3_example': DEBUGINFOD_URLS=https://debuginfod.ubuntu.com PYTHONPATH=/home/ram/MRT/turtle/build/turtlebot3_example/prefix_override:/usr/lib/python3/dist-packages/colcon_core/task/python/colcon_distutils_commands:/home/ram/MRT/turtle/install/turtlebot3_example/lib/python3.12/site-packages:${PYTHONPATH} /usr/bin/python3 -W ignore:setup.py install is deprecated -W ignore:easy_install command is deprecated setup.py develop --editable --build-directory /home/ram/MRT/turtle/build/turtlebot3_example/build --no-deps symlink_data
[2.166s] running develop
[2.355s] /usr/lib/python3/dist-packages/setuptools/command/easy_install.py:363: UserWarning: Unbuilt egg for pytest-repeat [unknown version] (/usr/lib/python3/dist-packages)
[2.356s]   self.local_index = Environment(self.shadow_path + sys.path)
[2.396s] running egg_info
[2.396s] creating turtlebot3_example.egg-info
[2.420s] writing turtlebot3_example.egg-info/PKG-INFO
[2.420s] writing dependency_links to turtlebot3_example.egg-info/dependency_links.txt
[2.420s] writing entry points to turtlebot3_example.egg-info/entry_points.txt
[2.421s] writing requirements to turtlebot3_example.egg-info/requires.txt
[2.421s] writing top-level names to turtlebot3_example.egg-info/top_level.txt
[2.421s] writing manifest file 'turtlebot3_example.egg-info/SOURCES.txt'
[2.467s] reading manifest file 'turtlebot3_example.egg-info/SOURCES.txt'
[2.468s] writing manifest file 'turtlebot3_example.egg-info/SOURCES.txt'
[2.492s] running build_ext
[2.492s] Creating /home/ram/MRT/turtle/install/turtlebot3_example/lib/python3.12/site-packages/turtlebot3-example.egg-link (link to .)
[2.493s] Installing turtlebot3_absolute_move script to /home/ram/MRT/turtle/install/turtlebot3_example/lib/turtlebot3_example
[2.494s] Installing turtlebot3_interactive_marker script to /home/ram/MRT/turtle/install/turtlebot3_example/lib/turtlebot3_example
[2.494s] Installing turtlebot3_obstacle_detection script to /home/ram/MRT/turtle/install/turtlebot3_example/lib/turtlebot3_example
[2.494s] Installing turtlebot3_patrol_client script to /home/ram/MRT/turtle/install/turtlebot3_example/lib/turtlebot3_example
[2.494s] Installing turtlebot3_patrol_server script to /home/ram/MRT/turtle/install/turtlebot3_example/lib/turtlebot3_example
[2.495s] Installing turtlebot3_relative_move script to /home/ram/MRT/turtle/install/turtlebot3_example/lib/turtlebot3_example
[2.495s] 
[2.495s] Installed /home/ram/MRT/turtle/build/turtlebot3_example
[2.495s] running symlink_data
[2.495s] creating /home/ram/MRT/turtle/install/turtlebot3_example/share/ament_index
[2.495s] creating /home/ram/MRT/turtle/install/turtlebot3_example/share/ament_index/resource_index
[2.496s] creating /home/ram/MRT/turtle/install/turtlebot3_example/share/ament_index/resource_index/packages
[2.496s] symbolically linking /home/ram/MRT/turtle/build/turtlebot3_example/resource/turtlebot3_example -> /home/ram/MRT/turtle/install/turtlebot3_example/share/ament_index/resource_index/packages
[2.496s] symbolically linking /home/ram/MRT/turtle/build/turtlebot3_example/package.xml -> /home/ram/MRT/turtle/install/turtlebot3_example/share/turtlebot3_example
[2.548s] Invoked command in '/home/ram/MRT/turtle/build/turtlebot3_example' returned '0': DEBUGINFOD_URLS=https://debuginfod.ubuntu.com PYTHONPATH=/home/ram/MRT/turtle/build/turtlebot3_example/prefix_override:/usr/lib/python3/dist-packages/colcon_core/task/python/colcon_distutils_commands:/home/ram/MRT/turtle/install/turtlebot3_example/lib/python3.12/site-packages:${PYTHONPATH} /usr/bin/python3 -W ignore:setup.py install is deprecated -W ignore:easy_install command is deprecated setup.py develop --editable --build-directory /home/ram/MRT/turtle/build/turtlebot3_example/build --no-deps symlink_data
