running develop
running egg_info
creating turtlebot3_slam_mrt.egg-info
writing turtlebot3_slam_mrt.egg-info/PKG-INFO
writing dependency_links to turtlebot3_slam_mrt.egg-info/dependency_links.txt
writing entry points to turtlebot3_slam_mrt.egg-info/entry_points.txt
writing requirements to turtlebot3_slam_mrt.egg-info/requires.txt
writing top-level names to turtlebot3_slam_mrt.egg-info/top_level.txt
writing manifest file 'turtlebot3_slam_mrt.egg-info/SOURCES.txt'
reading manifest file 'turtlebot3_slam_mrt.egg-info/SOURCES.txt'
writing manifest file 'turtlebot3_slam_mrt.egg-info/SOURCES.txt'
running build_ext
Creating /home/ram/MRT/turtle/install/turtlebot3_slam_mrt/lib/python3.12/site-packages/turtlebot3-slam-mrt.egg-link (link to .)
Installing cmd_vel_relay script to /home/ram/MRT/turtle/install/turtlebot3_slam_mrt/lib/turtlebot3_slam_mrt
Installing covariance_relay script to /home/ram/MRT/turtle/install/turtlebot3_slam_mrt/lib/turtlebot3_slam_mrt
Installing twist_to_stamped script to /home/ram/MRT/turtle/install/turtlebot3_slam_mrt/lib/turtlebot3_slam_mrt

Installed /home/ram/MRT/turtle/build/turtlebot3_slam_mrt
running symlink_data
creating /home/ram/MRT/turtle/install/turtlebot3_slam_mrt/share/ament_index
creating /home/ram/MRT/turtle/install/turtlebot3_slam_mrt/share/ament_index/resource_index
creating /home/ram/MRT/turtle/install/turtlebot3_slam_mrt/share/ament_index/resource_index/packages
symbolically linking /home/ram/MRT/turtle/build/turtlebot3_slam_mrt/resource/turtlebot3_slam_mrt -> /home/ram/MRT/turtle/install/turtlebot3_slam_mrt/share/ament_index/resource_index/packages
symbolically linking /home/ram/MRT/turtle/build/turtlebot3_slam_mrt/package.xml -> /home/ram/MRT/turtle/install/turtlebot3_slam_mrt/share/turtlebot3_slam_mrt
creating /home/ram/MRT/turtle/install/turtlebot3_slam_mrt/share/turtlebot3_slam_mrt/launch
symbolically linking /home/ram/MRT/turtle/build/turtlebot3_slam_mrt/launch/ekf.launch.py -> /home/ram/MRT/turtle/install/turtlebot3_slam_mrt/share/turtlebot3_slam_mrt/launch
symbolically linking /home/ram/MRT/turtle/build/turtlebot3_slam_mrt/launch/nav2.launch.py -> /home/ram/MRT/turtle/install/turtlebot3_slam_mrt/share/turtlebot3_slam_mrt/launch
symbolically linking /home/ram/MRT/turtle/build/turtlebot3_slam_mrt/launch/localization.launch.py -> /home/ram/MRT/turtle/install/turtlebot3_slam_mrt/share/turtlebot3_slam_mrt/launch
symbolically linking /home/ram/MRT/turtle/build/turtlebot3_slam_mrt/launch/slam.launch.py -> /home/ram/MRT/turtle/install/turtlebot3_slam_mrt/share/turtlebot3_slam_mrt/launch
symbolically linking /home/ram/MRT/turtle/build/turtlebot3_slam_mrt/launch/pipeline.launch.py -> /home/ram/MRT/turtle/install/turtlebot3_slam_mrt/share/turtlebot3_slam_mrt/launch
creating /home/ram/MRT/turtle/install/turtlebot3_slam_mrt/share/turtlebot3_slam_mrt/config
symbolically linking /home/ram/MRT/turtle/build/turtlebot3_slam_mrt/config/nav2_params.yaml -> /home/ram/MRT/turtle/install/turtlebot3_slam_mrt/share/turtlebot3_slam_mrt/config
symbolically linking /home/ram/MRT/turtle/build/turtlebot3_slam_mrt/config/ekf.yaml -> /home/ram/MRT/turtle/install/turtlebot3_slam_mrt/share/turtlebot3_slam_mrt/config
symbolically linking /home/ram/MRT/turtle/build/turtlebot3_slam_mrt/config/slam_mapping.yaml -> /home/ram/MRT/turtle/install/turtlebot3_slam_mrt/share/turtlebot3_slam_mrt/config
creating /home/ram/MRT/turtle/install/turtlebot3_slam_mrt/share/turtlebot3_slam_mrt/maps
