[1.321s] Invoking command in '/home/ram/MRT/turtle/build/turtlebot3_slam_mrt': CMAKE_PREFIX_PATH=/home/ram/MRT/turtle/install/turtlebot3_navigation2:/home/ram/MRT/turtle/install/turtlebot3:/home/ram/MRT/turtle/install/turtlebot3_simulations:/home/ram/MRT/turtle/install/turtlebot3_gazebo:/home/ram/MRT/turtle/install/turtlebot3_bringup:/home/ram/MRT/turtle/install/turtlebot3_node:/home/ram/MRT/turtle/install/turtlebot3_fake_node:/home/ram/MRT/turtle/install/turtlebot3_description:/home/ram/MRT/turtle/install/turtlebot3_cartographer:/opt/ros/jazzy/opt/gz_sim_vendor:/opt/ros/jazzy/opt/gz_sensors_vendor:/opt/ros/jazzy/opt/gz_physics_vendor:/opt/ros/jazzy/opt/sdformat_vendor:/opt/ros/jazzy/opt/gz_gui_vendor:/opt/ros/jazzy/opt/gz_transport_vendor:/opt/ros/jazzy/opt/gz_rendering_vendor:/opt/ros/jazzy/opt/gz_plugin_vendor:/opt/ros/jazzy/opt/gz_fuel_tools_vendor:/opt/ros/jazzy/opt/gz_msgs_vendor:/opt/ros/jazzy/opt/gz_common_vendor:/opt/ros/jazzy/opt/gz_math_vendor:/opt/ros/jazzy/opt/gz_utils_vendor:/opt/ros/jazzy/opt/gz_tools_vendor:/opt/ros/jazzy/opt/gz_ogre_next_vendor:/opt/ros/jazzy/opt/gz_dartsim_vendor:/opt/ros/jazzy/opt/gz_cmake_vendor DEBUGINFOD_URLS=https://debuginfod.ubuntu.com PYTHONPATH=/home/ram/MRT/turtle/build/turtlebot3_slam_mrt/prefix_override:/usr/lib/python3/dist-packages/colcon_core/task/python/colcon_distutils_commands:/home/ram/MRT/turtle/install/turtlebot3_slam_mrt/lib/python3.12/site-packages:${PYTHONPATH} /usr/bin/python3 -W ignore:setup.py install is deprecated -W ignore:easy_install command is deprecated setup.py develop --editable --build-directory /home/ram/MRT/turtle/build/turtlebot3_slam_mrt/build --no-deps symlink_data
[1.663s] running develop
[1.845s] /usr/lib/python3/dist-packages/setuptools/command/easy_install.py:363: UserWarning: Unbuilt egg for pytest-repeat [unknown version] (/usr/lib/python3/dist-packages)
[1.845s]   self.local_index = Environment(self.shadow_path + sys.path)
[1.884s] running egg_info
[1.884s] creating turtlebot3_slam_mrt.egg-info
[1.905s] writing turtlebot3_slam_mrt.egg-info/PKG-INFO
[1.905s] writing dependency_links to turtlebot3_slam_mrt.egg-info/dependency_links.txt
[1.906s] writing entry points to turtlebot3_slam_mrt.egg-info/entry_points.txt
[1.906s] writing requirements to turtlebot3_slam_mrt.egg-info/requires.txt
[1.906s] writing top-level names to turtlebot3_slam_mrt.egg-info/top_level.txt
[1.906s] writing manifest file 'turtlebot3_slam_mrt.egg-info/SOURCES.txt'
[1.949s] reading manifest file 'turtlebot3_slam_mrt.egg-info/SOURCES.txt'
[1.950s] writing manifest file 'turtlebot3_slam_mrt.egg-info/SOURCES.txt'
[1.973s] running build_ext
[1.973s] Creating /home/ram/MRT/turtle/install/turtlebot3_slam_mrt/lib/python3.12/site-packages/turtlebot3-slam-mrt.egg-link (link to .)
[1.973s] Installing cmd_vel_relay script to /home/ram/MRT/turtle/install/turtlebot3_slam_mrt/lib/turtlebot3_slam_mrt
[1.973s] Installing covariance_relay script to /home/ram/MRT/turtle/install/turtlebot3_slam_mrt/lib/turtlebot3_slam_mrt
[1.974s] Installing twist_to_stamped script to /home/ram/MRT/turtle/install/turtlebot3_slam_mrt/lib/turtlebot3_slam_mrt
[1.974s] 
[1.974s] Installed /home/ram/MRT/turtle/build/turtlebot3_slam_mrt
[1.974s] running symlink_data
[1.974s] creating /home/ram/MRT/turtle/install/turtlebot3_slam_mrt/share/ament_index
[1.974s] creating /home/ram/MRT/turtle/install/turtlebot3_slam_mrt/share/ament_index/resource_index
[1.975s] creating /home/ram/MRT/turtle/install/turtlebot3_slam_mrt/share/ament_index/resource_index/packages
[1.975s] symbolically linking /home/ram/MRT/turtle/build/turtlebot3_slam_mrt/resource/turtlebot3_slam_mrt -> /home/ram/MRT/turtle/install/turtlebot3_slam_mrt/share/ament_index/resource_index/packages
[1.975s] symbolically linking /home/ram/MRT/turtle/build/turtlebot3_slam_mrt/package.xml -> /home/ram/MRT/turtle/install/turtlebot3_slam_mrt/share/turtlebot3_slam_mrt
[1.975s] creating /home/ram/MRT/turtle/install/turtlebot3_slam_mrt/share/turtlebot3_slam_mrt/launch
[1.975s] symbolically linking /home/ram/MRT/turtle/build/turtlebot3_slam_mrt/launch/ekf.launch.py -> /home/ram/MRT/turtle/install/turtlebot3_slam_mrt/share/turtlebot3_slam_mrt/launch
[1.975s] symbolically linking /home/ram/MRT/turtle/build/turtlebot3_slam_mrt/launch/nav2.launch.py -> /home/ram/MRT/turtle/install/turtlebot3_slam_mrt/share/turtlebot3_slam_mrt/launch
[1.976s] symbolically linking /home/ram/MRT/turtle/build/turtlebot3_slam_mrt/launch/localization.launch.py -> /home/ram/MRT/turtle/install/turtlebot3_slam_mrt/share/turtlebot3_slam_mrt/launch
[1.976s] symbolically linking /home/ram/MRT/turtle/build/turtlebot3_slam_mrt/launch/slam.launch.py -> /home/ram/MRT/turtle/install/turtlebot3_slam_mrt/share/turtlebot3_slam_mrt/launch
[1.976s] symbolically linking /home/ram/MRT/turtle/build/turtlebot3_slam_mrt/launch/pipeline.launch.py -> /home/ram/MRT/turtle/install/turtlebot3_slam_mrt/share/turtlebot3_slam_mrt/launch
[1.976s] creating /home/ram/MRT/turtle/install/turtlebot3_slam_mrt/share/turtlebot3_slam_mrt/config
[1.976s] symbolically linking /home/ram/MRT/turtle/build/turtlebot3_slam_mrt/config/nav2_params.yaml -> /home/ram/MRT/turtle/install/turtlebot3_slam_mrt/share/turtlebot3_slam_mrt/config
[1.976s] symbolically linking /home/ram/MRT/turtle/build/turtlebot3_slam_mrt/config/ekf.yaml -> /home/ram/MRT/turtle/install/turtlebot3_slam_mrt/share/turtlebot3_slam_mrt/config
[1.976s] symbolically linking /home/ram/MRT/turtle/build/turtlebot3_slam_mrt/config/slam_mapping.yaml -> /home/ram/MRT/turtle/install/turtlebot3_slam_mrt/share/turtlebot3_slam_mrt/config
[1.976s] creating /home/ram/MRT/turtle/install/turtlebot3_slam_mrt/share/turtlebot3_slam_mrt/maps
[2.018s] Invoked command in '/home/ram/MRT/turtle/build/turtlebot3_slam_mrt' returned '0': CMAKE_PREFIX_PATH=/home/ram/MRT/turtle/install/turtlebot3_navigation2:/home/ram/MRT/turtle/install/turtlebot3:/home/ram/MRT/turtle/install/turtlebot3_simulations:/home/ram/MRT/turtle/install/turtlebot3_gazebo:/home/ram/MRT/turtle/install/turtlebot3_bringup:/home/ram/MRT/turtle/install/turtlebot3_node:/home/ram/MRT/turtle/install/turtlebot3_fake_node:/home/ram/MRT/turtle/install/turtlebot3_description:/home/ram/MRT/turtle/install/turtlebot3_cartographer:/opt/ros/jazzy/opt/gz_sim_vendor:/opt/ros/jazzy/opt/gz_sensors_vendor:/opt/ros/jazzy/opt/gz_physics_vendor:/opt/ros/jazzy/opt/sdformat_vendor:/opt/ros/jazzy/opt/gz_gui_vendor:/opt/ros/jazzy/opt/gz_transport_vendor:/opt/ros/jazzy/opt/gz_rendering_vendor:/opt/ros/jazzy/opt/gz_plugin_vendor:/opt/ros/jazzy/opt/gz_fuel_tools_vendor:/opt/ros/jazzy/opt/gz_msgs_vendor:/opt/ros/jazzy/opt/gz_common_vendor:/opt/ros/jazzy/opt/gz_math_vendor:/opt/ros/jazzy/opt/gz_utils_vendor:/opt/ros/jazzy/opt/gz_tools_vendor:/opt/ros/jazzy/opt/gz_ogre_next_vendor:/opt/ros/jazzy/opt/gz_dartsim_vendor:/opt/ros/jazzy/opt/gz_cmake_vendor DEBUGINFOD_URLS=https://debuginfod.ubuntu.com PYTHONPATH=/home/ram/MRT/turtle/build/turtlebot3_slam_mrt/prefix_override:/usr/lib/python3/dist-packages/colcon_core/task/python/colcon_distutils_commands:/home/ram/MRT/turtle/install/turtlebot3_slam_mrt/lib/python3.12/site-packages:${PYTHONPATH} /usr/bin/python3 -W ignore:setup.py install is deprecated -W ignore:easy_install command is deprecated setup.py develop --editable --build-directory /home/ram/MRT/turtle/build/turtlebot3_slam_mrt/build --no-deps symlink_data
