[1.858s] Invoking command in '/home/ram/MRT/turtle/build/turtlebot3_teleop': DEBUGINFOD_URLS=https://debuginfod.ubuntu.com PYTHONPATH=/home/ram/MRT/turtle/build/turtlebot3_teleop/prefix_override:/usr/lib/python3/dist-packages/colcon_core/task/python/colcon_distutils_commands:/home/ram/MRT/turtle/install/turtlebot3_teleop/lib/python3.12/site-packages:${PYTHONPATH} /usr/bin/python3 -W ignore:setup.py install is deprecated -W ignore:easy_install command is deprecated setup.py develop --editable --build-directory /home/ram/MRT/turtle/build/turtlebot3_teleop/build --no-deps symlink_data
[2.207s] running develop
[2.395s] /usr/lib/python3/dist-packages/setuptools/command/easy_install.py:363: UserWarning: Unbuilt egg for pytest-repeat [unknown version] (/usr/lib/python3/dist-packages)
[2.395s]   self.local_index = Environment(self.shadow_path + sys.path)
[2.437s] running egg_info
[2.437s] creating turtlebot3_teleop.egg-info
[2.460s] writing turtlebot3_teleop.egg-info/PKG-INFO
[2.460s] writing dependency_links to turtlebot3_teleop.egg-info/dependency_links.txt
[2.460s] writing entry points to turtlebot3_teleop.egg-info/entry_points.txt
[2.461s] writing requirements to turtlebot3_teleop.egg-info/requires.txt
[2.461s] writing top-level names to turtlebot3_teleop.egg-info/top_level.txt
[2.461s] writing manifest file 'turtlebot3_teleop.egg-info/SOURCES.txt'
[2.507s] reading manifest file 'turtlebot3_teleop.egg-info/SOURCES.txt'
[2.507s] writing manifest file 'turtlebot3_teleop.egg-info/SOURCES.txt'
[2.531s] running build_ext
[2.531s] Creating /home/ram/MRT/turtle/install/turtlebot3_teleop/lib/python3.12/site-packages/turtlebot3-teleop.egg-link (link to .)
[2.532s] Installing teleop_keyboard script to /home/ram/MRT/turtle/install/turtlebot3_teleop/lib/turtlebot3_teleop
[2.532s] 
[2.532s] Installed /home/ram/MRT/turtle/build/turtlebot3_teleop
[2.533s] running symlink_data
[2.533s] creating /home/ram/MRT/turtle/install/turtlebot3_teleop/share/ament_index
[2.533s] creating /home/ram/MRT/turtle/install/turtlebot3_teleop/share/ament_index/resource_index
[2.533s] creating /home/ram/MRT/turtle/install/turtlebot3_teleop/share/ament_index/resource_index/packages
[2.533s] symbolically linking /home/ram/MRT/turtle/build/turtlebot3_teleop/resource/turtlebot3_teleop -> /home/ram/MRT/turtle/install/turtlebot3_teleop/share/ament_index/resource_index/packages
[2.533s] symbolically linking /home/ram/MRT/turtle/build/turtlebot3_teleop/package.xml -> /home/ram/MRT/turtle/install/turtlebot3_teleop/share/turtlebot3_teleop
[2.588s] Invoked command in '/home/ram/MRT/turtle/build/turtlebot3_teleop' returned '0': DEBUGINFOD_URLS=https://debuginfod.ubuntu.com PYTHONPATH=/home/ram/MRT/turtle/build/turtlebot3_teleop/prefix_override:/usr/lib/python3/dist-packages/colcon_core/task/python/colcon_distutils_commands:/home/ram/MRT/turtle/install/turtlebot3_teleop/lib/python3.12/site-packages:${PYTHONPATH} /usr/bin/python3 -W ignore:setup.py install is deprecated -W ignore:easy_install command is deprecated setup.py develop --editable --build-directory /home/ram/MRT/turtle/build/turtlebot3_teleop/build --no-deps symlink_data
