[0.014s] Invoking command in '/home/ram/MRT/turtle/build/turtlebot3_bringup': CMAKE_PREFIX_PATH=/home/ram/MRT/turtle/install/turtlebot3_node:/home/ram/MRT/turtle/install/turtlebot3_description:/home/ram/MRT/turtle/install/turtlebot3:/home/ram/MRT/turtle/install/turtlebot3_simulations:/home/ram/MRT/turtle/install/turtlebot3_gazebo:/home/ram/MRT/turtle/install/turtlebot3_bringup:/home/ram/MRT/turtle/install/turtlebot3_navigation2:/home/ram/MRT/turtle/install/turtlebot3_fake_node:/home/ram/MRT/turtle/install/turtlebot3_cartographer:/opt/ros/jazzy/opt/gz_sim_vendor:/opt/ros/jazzy/opt/gz_sensors_vendor:/opt/ros/jazzy/opt/gz_physics_vendor:/opt/ros/jazzy/opt/sdformat_vendor:/opt/ros/jazzy/opt/gz_gui_vendor:/opt/ros/jazzy/opt/gz_transport_vendor:/opt/ros/jazzy/opt/gz_rendering_vendor:/opt/ros/jazzy/opt/gz_plugin_vendor:/opt/ros/jazzy/opt/gz_fuel_tools_vendor:/opt/ros/jazzy/opt/gz_msgs_vendor:/opt/ros/jazzy/opt/gz_common_vendor:/opt/ros/jazzy/opt/gz_math_vendor:/opt/ros/jazzy/opt/gz_utils_vendor:/opt/ros/jazzy/opt/gz_tools_vendor:/opt/ros/jazzy/opt/gz_ogre_next_vendor:/opt/ros/jazzy/opt/gz_dartsim_vendor:/opt/ros/jazzy/opt/gz_cmake_vendor:/home/ram/MRT/turtle/install/turtlebot3_teleop:/home/ram/MRT/turtle/install/turtlebot3_slam_mrt:/home/ram/MRT/turtle/install/turtlebot3_example:/opt/ros/jazzy DEBUGINFOD_URLS=https://debuginfod.ubuntu.com /usr/bin/cmake /home/ram/MRT/turtle/src/turtlebot3/turtlebot3_bringup -DAMENT_CMAKE_SYMLINK_INSTALL=1 -DCMAKE_INSTALL_PREFIX=/home/ram/MRT/turtle/install/turtlebot3_bringup
[0.100s] -- The C compiler identification is GNU 13.3.0
[0.178s] -- The CXX compiler identification is GNU 13.3.0
[0.216s] -- Detecting C compiler ABI info
[0.375s] -- Detecting C compiler ABI info - done
[0.384s] -- Check for working C compiler: /usr/bin/cc - skipped
[0.385s] -- Detecting C compile features
[0.385s] -- Detecting C compile features - done
[0.403s] -- Detecting CXX compiler ABI info
[0.539s] -- Detecting CXX compiler ABI info - done
[0.574s] -- Check for working CXX compiler: /usr/bin/c++ - skipped
[0.575s] -- Detecting CXX compile features
[0.577s] -- Detecting CXX compile features - done
[0.590s] -- Found ament_cmake: 2.5.6 (/opt/ros/jazzy/share/ament_cmake/cmake)
[0.797s] -- Found Python3: /usr/bin/python3 (found version "3.12.3") found components: Interpreter 
[0.886s] -- Override CMake install command with custom implementation using symlinks instead of copying resources
[1.092s] -- Configuring done (1.1s)
[1.095s] -- Generating done (0.0s)
[1.097s] -- Build files have been written to: /home/ram/MRT/turtle/build/turtlebot3_bringup
[1.102s] Invoked command in '/home/ram/MRT/turtle/build/turtlebot3_bringup' returned '0': CMAKE_PREFIX_PATH=/home/ram/MRT/turtle/install/turtlebot3_node:/home/ram/MRT/turtle/install/turtlebot3_description:/home/ram/MRT/turtle/install/turtlebot3:/home/ram/MRT/turtle/install/turtlebot3_simulations:/home/ram/MRT/turtle/install/turtlebot3_gazebo:/home/ram/MRT/turtle/install/turtlebot3_bringup:/home/ram/MRT/turtle/install/turtlebot3_navigation2:/home/ram/MRT/turtle/install/turtlebot3_fake_node:/home/ram/MRT/turtle/install/turtlebot3_cartographer:/opt/ros/jazzy/opt/gz_sim_vendor:/opt/ros/jazzy/opt/gz_sensors_vendor:/opt/ros/jazzy/opt/gz_physics_vendor:/opt/ros/jazzy/opt/sdformat_vendor:/opt/ros/jazzy/opt/gz_gui_vendor:/opt/ros/jazzy/opt/gz_transport_vendor:/opt/ros/jazzy/opt/gz_rendering_vendor:/opt/ros/jazzy/opt/gz_plugin_vendor:/opt/ros/jazzy/opt/gz_fuel_tools_vendor:/opt/ros/jazzy/opt/gz_msgs_vendor:/opt/ros/jazzy/opt/gz_common_vendor:/opt/ros/jazzy/opt/gz_math_vendor:/opt/ros/jazzy/opt/gz_utils_vendor:/opt/ros/jazzy/opt/gz_tools_vendor:/opt/ros/jazzy/opt/gz_ogre_next_vendor:/opt/ros/jazzy/opt/gz_dartsim_vendor:/opt/ros/jazzy/opt/gz_cmake_vendor:/home/ram/MRT/turtle/install/turtlebot3_teleop:/home/ram/MRT/turtle/install/turtlebot3_slam_mrt:/home/ram/MRT/turtle/install/turtlebot3_example:/opt/ros/jazzy DEBUGINFOD_URLS=https://debuginfod.ubuntu.com /usr/bin/cmake /home/ram/MRT/turtle/src/turtlebot3/turtlebot3_bringup -DAMENT_CMAKE_SYMLINK_INSTALL=1 -DCMAKE_INSTALL_PREFIX=/home/ram/MRT/turtle/install/turtlebot3_bringup
[1.103s] Invoking command in '/home/ram/MRT/turtle/build/turtlebot3_bringup': CMAKE_PREFIX_PATH=/home/ram/MRT/turtle/install/turtlebot3_node:/home/ram/MRT/turtle/install/turtlebot3_description:/home/ram/MRT/turtle/install/turtlebot3:/home/ram/MRT/turtle/install/turtlebot3_simulations:/home/ram/MRT/turtle/install/turtlebot3_gazebo:/home/ram/MRT/turtle/install/turtlebot3_bringup:/home/ram/MRT/turtle/install/turtlebot3_navigation2:/home/ram/MRT/turtle/install/turtlebot3_fake_node:/home/ram/MRT/turtle/install/turtlebot3_cartographer:/opt/ros/jazzy/opt/gz_sim_vendor:/opt/ros/jazzy/opt/gz_sensors_vendor:/opt/ros/jazzy/opt/gz_physics_vendor:/opt/ros/jazzy/opt/sdformat_vendor:/opt/ros/jazzy/opt/gz_gui_vendor:/opt/ros/jazzy/opt/gz_transport_vendor:/opt/ros/jazzy/opt/gz_rendering_vendor:/opt/ros/jazzy/opt/gz_plugin_vendor:/opt/ros/jazzy/opt/gz_fuel_tools_vendor:/opt/ros/jazzy/opt/gz_msgs_vendor:/opt/ros/jazzy/opt/gz_common_vendor:/opt/ros/jazzy/opt/gz_math_vendor:/opt/ros/jazzy/opt/gz_utils_vendor:/opt/ros/jazzy/opt/gz_tools_vendor:/opt/ros/jazzy/opt/gz_ogre_next_vendor:/opt/ros/jazzy/opt/gz_dartsim_vendor:/opt/ros/jazzy/opt/gz_cmake_vendor:/home/ram/MRT/turtle/install/turtlebot3_teleop:/home/ram/MRT/turtle/install/turtlebot3_slam_mrt:/home/ram/MRT/turtle/install/turtlebot3_example:/opt/ros/jazzy DEBUGINFOD_URLS=https://debuginfod.ubuntu.com /usr/bin/cmake --build /home/ram/MRT/turtle/build/turtlebot3_bringup -- -j12 -l12
[1.160s] Invoked command in '/home/ram/MRT/turtle/build/turtlebot3_bringup' returned '0': CMAKE_PREFIX_PATH=/home/ram/MRT/turtle/install/turtlebot3_node:/home/ram/MRT/turtle/install/turtlebot3_description:/home/ram/MRT/turtle/install/turtlebot3:/home/ram/MRT/turtle/install/turtlebot3_simulations:/home/ram/MRT/turtle/install/turtlebot3_gazebo:/home/ram/MRT/turtle/install/turtlebot3_bringup:/home/ram/MRT/turtle/install/turtlebot3_navigation2:/home/ram/MRT/turtle/install/turtlebot3_fake_node:/home/ram/MRT/turtle/install/turtlebot3_cartographer:/opt/ros/jazzy/opt/gz_sim_vendor:/opt/ros/jazzy/opt/gz_sensors_vendor:/opt/ros/jazzy/opt/gz_physics_vendor:/opt/ros/jazzy/opt/sdformat_vendor:/opt/ros/jazzy/opt/gz_gui_vendor:/opt/ros/jazzy/opt/gz_transport_vendor:/opt/ros/jazzy/opt/gz_rendering_vendor:/opt/ros/jazzy/opt/gz_plugin_vendor:/opt/ros/jazzy/opt/gz_fuel_tools_vendor:/opt/ros/jazzy/opt/gz_msgs_vendor:/opt/ros/jazzy/opt/gz_common_vendor:/opt/ros/jazzy/opt/gz_math_vendor:/opt/ros/jazzy/opt/gz_utils_vendor:/opt/ros/jazzy/opt/gz_tools_vendor:/opt/ros/jazzy/opt/gz_ogre_next_vendor:/opt/ros/jazzy/opt/gz_dartsim_vendor:/opt/ros/jazzy/opt/gz_cmake_vendor:/home/ram/MRT/turtle/install/turtlebot3_teleop:/home/ram/MRT/turtle/install/turtlebot3_slam_mrt:/home/ram/MRT/turtle/install/turtlebot3_example:/opt/ros/jazzy DEBUGINFOD_URLS=https://debuginfod.ubuntu.com /usr/bin/cmake --build /home/ram/MRT/turtle/build/turtlebot3_bringup -- -j12 -l12
[1.161s] Invoking command in '/home/ram/MRT/turtle/build/turtlebot3_bringup': CMAKE_PREFIX_PATH=/home/ram/MRT/turtle/install/turtlebot3_node:/home/ram/MRT/turtle/install/turtlebot3_description:/home/ram/MRT/turtle/install/turtlebot3:/home/ram/MRT/turtle/install/turtlebot3_simulations:/home/ram/MRT/turtle/install/turtlebot3_gazebo:/home/ram/MRT/turtle/install/turtlebot3_bringup:/home/ram/MRT/turtle/install/turtlebot3_navigation2:/home/ram/MRT/turtle/install/turtlebot3_fake_node:/home/ram/MRT/turtle/install/turtlebot3_cartographer:/opt/ros/jazzy/opt/gz_sim_vendor:/opt/ros/jazzy/opt/gz_sensors_vendor:/opt/ros/jazzy/opt/gz_physics_vendor:/opt/ros/jazzy/opt/sdformat_vendor:/opt/ros/jazzy/opt/gz_gui_vendor:/opt/ros/jazzy/opt/gz_transport_vendor:/opt/ros/jazzy/opt/gz_rendering_vendor:/opt/ros/jazzy/opt/gz_plugin_vendor:/opt/ros/jazzy/opt/gz_fuel_tools_vendor:/opt/ros/jazzy/opt/gz_msgs_vendor:/opt/ros/jazzy/opt/gz_common_vendor:/opt/ros/jazzy/opt/gz_math_vendor:/opt/ros/jazzy/opt/gz_utils_vendor:/opt/ros/jazzy/opt/gz_tools_vendor:/opt/ros/jazzy/opt/gz_ogre_next_vendor:/opt/ros/jazzy/opt/gz_dartsim_vendor:/opt/ros/jazzy/opt/gz_cmake_vendor:/home/ram/MRT/turtle/install/turtlebot3_teleop:/home/ram/MRT/turtle/install/turtlebot3_slam_mrt:/home/ram/MRT/turtle/install/turtlebot3_example:/opt/ros/jazzy DEBUGINFOD_URLS=https://debuginfod.ubuntu.com /usr/bin/cmake --install /home/ram/MRT/turtle/build/turtlebot3_bringup
[1.179s] -- Install configuration: ""
[1.179s] -- Execute custom install script
[1.180s] -- Symlinking: /home/ram/MRT/turtle/install/turtlebot3_bringup/share/turtlebot3_bringup/launch/camera.launch.py
[1.191s] -- Symlinking: /home/ram/MRT/turtle/install/turtlebot3_bringup/share/turtlebot3_bringup/launch/robot.launch.py
[1.202s] -- Symlinking: /home/ram/MRT/turtle/install/turtlebot3_bringup/share/turtlebot3_bringup/launch/rviz2.launch.py
[1.214s] -- Symlinking: /home/ram/MRT/turtle/install/turtlebot3_bringup/share/turtlebot3_bringup/launch/turtlebot3_state_publisher.launch.py
[1.236s] -- Symlinking: /home/ram/MRT/turtle/install/turtlebot3_bringup/share/turtlebot3_bringup/param/burger.yaml
[1.247s] -- Symlinking: /home/ram/MRT/turtle/install/turtlebot3_bringup/share/turtlebot3_bringup/param/humble/burger.yaml
[1.268s] -- Symlinking: /home/ram/MRT/turtle/install/turtlebot3_bringup/share/turtlebot3_bringup/param/humble/waffle.yaml
[1.279s] -- Symlinking: /home/ram/MRT/turtle/install/turtlebot3_bringup/share/turtlebot3_bringup/param/humble/waffle_pi.yaml
[1.291s] -- Symlinking: /home/ram/MRT/turtle/install/turtlebot3_bringup/share/turtlebot3_bringup/param/waffle.yaml
[1.312s] -- Symlinking: /home/ram/MRT/turtle/install/turtlebot3_bringup/share/turtlebot3_bringup/param/waffle_pi.yaml
[1.323s] -- Symlinking: /home/ram/MRT/turtle/install/turtlebot3_bringup/share/turtlebot3_bringup/script/99-turtlebot3-cdc.rules
[1.346s] -- Symlinking: /home/ram/MRT/turtle/install/turtlebot3_bringup/share/turtlebot3_bringup/script/create_udev_rules
[1.358s] -- Symlinking: /home/ram/MRT/turtle/install/turtlebot3_bringup/share/ament_index/resource_index/package_run_dependencies/turtlebot3_bringup
[1.379s] -- Symlinking: /home/ram/MRT/turtle/install/turtlebot3_bringup/share/ament_index/resource_index/parent_prefix_path/turtlebot3_bringup
[1.390s] -- Symlinking: /home/ram/MRT/turtle/install/turtlebot3_bringup/share/turtlebot3_bringup/environment/ament_prefix_path.sh
[1.401s] -- Symlinking: /home/ram/MRT/turtle/install/turtlebot3_bringup/share/turtlebot3_bringup/environment/ament_prefix_path.dsv
[1.413s] -- Symlinking: /home/ram/MRT/turtle/install/turtlebot3_bringup/share/turtlebot3_bringup/environment/path.sh
[1.424s] -- Symlinking: /home/ram/MRT/turtle/install/turtlebot3_bringup/share/turtlebot3_bringup/environment/path.dsv
[1.436s] -- Symlinking: /home/ram/MRT/turtle/install/turtlebot3_bringup/share/turtlebot3_bringup/local_setup.bash
[1.458s] -- Symlinking: /home/ram/MRT/turtle/install/turtlebot3_bringup/share/turtlebot3_bringup/local_setup.sh
[1.480s] -- Symlinking: /home/ram/MRT/turtle/install/turtlebot3_bringup/share/turtlebot3_bringup/local_setup.zsh
[1.490s] -- Symlinking: /home/ram/MRT/turtle/install/turtlebot3_bringup/share/turtlebot3_bringup/local_setup.dsv
[1.512s] -- Symlinking: /home/ram/MRT/turtle/install/turtlebot3_bringup/share/turtlebot3_bringup/package.dsv
[1.524s] -- Symlinking: /home/ram/MRT/turtle/install/turtlebot3_bringup/share/ament_index/resource_index/packages/turtlebot3_bringup
[1.536s] -- Symlinking: /home/ram/MRT/turtle/install/turtlebot3_bringup/share/turtlebot3_bringup/cmake/turtlebot3_bringupConfig.cmake
[1.547s] -- Symlinking: /home/ram/MRT/turtle/install/turtlebot3_bringup/share/turtlebot3_bringup/cmake/turtlebot3_bringupConfig-version.cmake
[1.569s] -- Symlinking: /home/ram/MRT/turtle/install/turtlebot3_bringup/share/turtlebot3_bringup/package.xml
[1.596s] Invoked command in '/home/ram/MRT/turtle/build/turtlebot3_bringup' returned '0': CMAKE_PREFIX_PATH=/home/ram/MRT/turtle/install/turtlebot3_node:/home/ram/MRT/turtle/install/turtlebot3_description:/home/ram/MRT/turtle/install/turtlebot3:/home/ram/MRT/turtle/install/turtlebot3_simulations:/home/ram/MRT/turtle/install/turtlebot3_gazebo:/home/ram/MRT/turtle/install/turtlebot3_bringup:/home/ram/MRT/turtle/install/turtlebot3_navigation2:/home/ram/MRT/turtle/install/turtlebot3_fake_node:/home/ram/MRT/turtle/install/turtlebot3_cartographer:/opt/ros/jazzy/opt/gz_sim_vendor:/opt/ros/jazzy/opt/gz_sensors_vendor:/opt/ros/jazzy/opt/gz_physics_vendor:/opt/ros/jazzy/opt/sdformat_vendor:/opt/ros/jazzy/opt/gz_gui_vendor:/opt/ros/jazzy/opt/gz_transport_vendor:/opt/ros/jazzy/opt/gz_rendering_vendor:/opt/ros/jazzy/opt/gz_plugin_vendor:/opt/ros/jazzy/opt/gz_fuel_tools_vendor:/opt/ros/jazzy/opt/gz_msgs_vendor:/opt/ros/jazzy/opt/gz_common_vendor:/opt/ros/jazzy/opt/gz_math_vendor:/opt/ros/jazzy/opt/gz_utils_vendor:/opt/ros/jazzy/opt/gz_tools_vendor:/opt/ros/jazzy/opt/gz_ogre_next_vendor:/opt/ros/jazzy/opt/gz_dartsim_vendor:/opt/ros/jazzy/opt/gz_cmake_vendor:/home/ram/MRT/turtle/install/turtlebot3_teleop:/home/ram/MRT/turtle/install/turtlebot3_slam_mrt:/home/ram/MRT/turtle/install/turtlebot3_example:/opt/ros/jazzy DEBUGINFOD_URLS=https://debuginfod.ubuntu.com /usr/bin/cmake --install /home/ram/MRT/turtle/build/turtlebot3_bringup
