[0.029s] Invoking command in '/home/ram/MRT/turtle/build/turtlebot3_cartographer': CMAKE_PREFIX_PATH=${CMAKE_PREFIX_PATH}:/home/ram/MRT/turtle/install/turtlebot3_teleop:/home/ram/MRT/turtle/install/turtlebot3_slam_mrt:/home/ram/MRT/turtle/install/turtlebot3_example:/opt/ros/jazzy DEBUGINFOD_URLS=https://debuginfod.ubuntu.com /usr/bin/cmake /home/ram/MRT/turtle/src/turtlebot3/turtlebot3_cartographer -DAMENT_CMAKE_SYMLINK_INSTALL=1 -DCMAKE_INSTALL_PREFIX=/home/ram/MRT/turtle/install/turtlebot3_cartographer
[0.300s] -- The C compiler identification is GNU 13.3.0
[0.300s] -- The CXX compiler identification is GNU 13.3.0
[0.300s] -- Detecting C compiler ABI info
[0.302s] -- Detecting C compiler ABI info - done
[0.316s] -- Check for working C compiler: /usr/bin/cc - skipped
[0.317s] -- Detecting C compile features
[0.317s] -- Detecting C compile features - done
[0.329s] -- Detecting CXX compiler ABI info
[0.458s] -- Detecting CXX compiler ABI info - done
[0.474s] -- Check for working CXX compiler: /usr/bin/c++ - skipped
[0.475s] -- Detecting CXX compile features
[0.475s] -- Detecting CXX compile features - done
[0.482s] -- Found ament_cmake: 2.5.6 (/opt/ros/jazzy/share/ament_cmake/cmake)
[0.708s] -- Found Python3: /usr/bin/python3 (found version "3.12.3") found components: Interpreter 
[0.817s] -- Override CMake install command with custom implementation using symlinks instead of copying resources
[1.050s] -- Configuring done (1.0s)
[1.055s] -- Generating done (0.0s)
[1.058s] -- Build files have been written to: /home/ram/MRT/turtle/build/turtlebot3_cartographer
[1.070s] Invoked command in '/home/ram/MRT/turtle/build/turtlebot3_cartographer' returned '0': CMAKE_PREFIX_PATH=${CMAKE_PREFIX_PATH}:/home/ram/MRT/turtle/install/turtlebot3_teleop:/home/ram/MRT/turtle/install/turtlebot3_slam_mrt:/home/ram/MRT/turtle/install/turtlebot3_example:/opt/ros/jazzy DEBUGINFOD_URLS=https://debuginfod.ubuntu.com /usr/bin/cmake /home/ram/MRT/turtle/src/turtlebot3/turtlebot3_cartographer -DAMENT_CMAKE_SYMLINK_INSTALL=1 -DCMAKE_INSTALL_PREFIX=/home/ram/MRT/turtle/install/turtlebot3_cartographer
[1.071s] Invoking command in '/home/ram/MRT/turtle/build/turtlebot3_cartographer': CMAKE_PREFIX_PATH=${CMAKE_PREFIX_PATH}:/home/ram/MRT/turtle/install/turtlebot3_teleop:/home/ram/MRT/turtle/install/turtlebot3_slam_mrt:/home/ram/MRT/turtle/install/turtlebot3_example:/opt/ros/jazzy DEBUGINFOD_URLS=https://debuginfod.ubuntu.com /usr/bin/cmake --build /home/ram/MRT/turtle/build/turtlebot3_cartographer -- -j12 -l12
[1.128s] Invoked command in '/home/ram/MRT/turtle/build/turtlebot3_cartographer' returned '0': CMAKE_PREFIX_PATH=${CMAKE_PREFIX_PATH}:/home/ram/MRT/turtle/install/turtlebot3_teleop:/home/ram/MRT/turtle/install/turtlebot3_slam_mrt:/home/ram/MRT/turtle/install/turtlebot3_example:/opt/ros/jazzy DEBUGINFOD_URLS=https://debuginfod.ubuntu.com /usr/bin/cmake --build /home/ram/MRT/turtle/build/turtlebot3_cartographer -- -j12 -l12
[1.129s] Invoking command in '/home/ram/MRT/turtle/build/turtlebot3_cartographer': CMAKE_PREFIX_PATH=${CMAKE_PREFIX_PATH}:/home/ram/MRT/turtle/install/turtlebot3_teleop:/home/ram/MRT/turtle/install/turtlebot3_slam_mrt:/home/ram/MRT/turtle/install/turtlebot3_example:/opt/ros/jazzy DEBUGINFOD_URLS=https://debuginfod.ubuntu.com /usr/bin/cmake --install /home/ram/MRT/turtle/build/turtlebot3_cartographer
[1.140s] -- Install configuration: ""
[1.140s] -- Execute custom install script
[1.141s] -- Symlinking: /home/ram/MRT/turtle/install/turtlebot3_cartographer/share/turtlebot3_cartographer/config/turtlebot3_lds_2d.lua
[1.153s] -- Symlinking: /home/ram/MRT/turtle/install/turtlebot3_cartographer/share/turtlebot3_cartographer/launch/cartographer.launch.py
[1.166s] -- Symlinking: /home/ram/MRT/turtle/install/turtlebot3_cartographer/share/turtlebot3_cartographer/launch/occupancy_grid.launch.py
[1.180s] -- Symlinking: /home/ram/MRT/turtle/install/turtlebot3_cartographer/share/turtlebot3_cartographer/rviz/tb3_cartographer.rviz
[1.193s] -- Symlinking: /home/ram/MRT/turtle/install/turtlebot3_cartographer/share/ament_index/resource_index/package_run_dependencies/turtlebot3_cartographer
[1.206s] -- Symlinking: /home/ram/MRT/turtle/install/turtlebot3_cartographer/share/ament_index/resource_index/parent_prefix_path/turtlebot3_cartographer
[1.222s] -- Symlinking: /home/ram/MRT/turtle/install/turtlebot3_cartographer/share/turtlebot3_cartographer/environment/ament_prefix_path.sh
[1.234s] -- Symlinking: /home/ram/MRT/turtle/install/turtlebot3_cartographer/share/turtlebot3_cartographer/environment/ament_prefix_path.dsv
[1.248s] -- Symlinking: /home/ram/MRT/turtle/install/turtlebot3_cartographer/share/turtlebot3_cartographer/environment/path.sh
[1.262s] -- Symlinking: /home/ram/MRT/turtle/install/turtlebot3_cartographer/share/turtlebot3_cartographer/environment/path.dsv
[1.274s] -- Symlinking: /home/ram/MRT/turtle/install/turtlebot3_cartographer/share/turtlebot3_cartographer/local_setup.bash
[1.287s] -- Symlinking: /home/ram/MRT/turtle/install/turtlebot3_cartographer/share/turtlebot3_cartographer/local_setup.sh
[1.301s] -- Symlinking: /home/ram/MRT/turtle/install/turtlebot3_cartographer/share/turtlebot3_cartographer/local_setup.zsh
[1.316s] -- Symlinking: /home/ram/MRT/turtle/install/turtlebot3_cartographer/share/turtlebot3_cartographer/local_setup.dsv
[1.330s] -- Symlinking: /home/ram/MRT/turtle/install/turtlebot3_cartographer/share/turtlebot3_cartographer/package.dsv
[1.345s] -- Symlinking: /home/ram/MRT/turtle/install/turtlebot3_cartographer/share/ament_index/resource_index/packages/turtlebot3_cartographer
[1.359s] -- Symlinking: /home/ram/MRT/turtle/install/turtlebot3_cartographer/share/turtlebot3_cartographer/cmake/turtlebot3_cartographerConfig.cmake
[1.373s] -- Symlinking: /home/ram/MRT/turtle/install/turtlebot3_cartographer/share/turtlebot3_cartographer/cmake/turtlebot3_cartographerConfig-version.cmake
[1.387s] -- Symlinking: /home/ram/MRT/turtle/install/turtlebot3_cartographer/share/turtlebot3_cartographer/package.xml
[1.404s] Invoked command in '/home/ram/MRT/turtle/build/turtlebot3_cartographer' returned '0': CMAKE_PREFIX_PATH=${CMAKE_PREFIX_PATH}:/home/ram/MRT/turtle/install/turtlebot3_teleop:/home/ram/MRT/turtle/install/turtlebot3_slam_mrt:/home/ram/MRT/turtle/install/turtlebot3_example:/opt/ros/jazzy DEBUGINFOD_URLS=https://debuginfod.ubuntu.com /usr/bin/cmake --install /home/ram/MRT/turtle/build/turtlebot3_cartographer
