[0.032s] Invoking command in '/home/ram/MRT/turtle/build/turtlebot3_node': CMAKE_PREFIX_PATH=${CMAKE_PREFIX_PATH}:/home/ram/MRT/turtle/install/turtlebot3_teleop:/home/ram/MRT/turtle/install/turtlebot3_slam_mrt:/home/ram/MRT/turtle/install/turtlebot3_example:/opt/ros/jazzy DEBUGINFOD_URLS=https://debuginfod.ubuntu.com /usr/bin/cmake /home/ram/MRT/turtle/src/turtlebot3/turtlebot3_node -DAMENT_CMAKE_SYMLINK_INSTALL=1 -DCMAKE_INSTALL_PREFIX=/home/ram/MRT/turtle/install/turtlebot3_node
[0.303s] -- The C compiler identification is GNU 13.3.0
[0.304s] -- The CXX compiler identification is GNU 13.3.0
[0.304s] -- Detecting C compiler ABI info
[0.306s] -- Detecting C compiler ABI info - done
[0.321s] -- Check for working C compiler: /usr/bin/cc - skipped
[0.321s] -- Detecting C compile features
[0.321s] -- Detecting C compile features - done
[0.334s] -- Detecting CXX compiler ABI info
[0.462s] -- Detecting CXX compiler ABI info - done
[0.474s] -- Check for working CXX compiler: /usr/bin/c++ - skipped
[0.475s] -- Detecting CXX compile features
[0.475s] -- Detecting CXX compile features - done
[0.481s] -- Found ament_cmake: 2.5.6 (/opt/ros/jazzy/share/ament_cmake/cmake)
[0.693s] -- Found Python3: /usr/bin/python3 (found version "3.12.3") found components: Interpreter 
[0.789s] -- Override CMake install command with custom implementation using symlinks instead of copying resources
[0.859s] -- Found dynamixel_sdk: 4.0.3 (/opt/ros/jazzy/share/dynamixel_sdk/cmake)
[0.865s] -- Found geometry_msgs: 5.3.8 (/opt/ros/jazzy/share/geometry_msgs/cmake)
[0.934s] -- Found rosidl_generator_c: 4.6.9 (/opt/ros/jazzy/share/rosidl_generator_c/cmake)
[0.958s] -- Found rosidl_generator_cpp: 4.6.9 (/opt/ros/jazzy/share/rosidl_generator_cpp/cmake)
[0.992s] -- Using all available rosidl_typesupport_c: rosidl_typesupport_fastrtps_c;rosidl_typesupport_introspection_c
[1.029s] -- Using all available rosidl_typesupport_cpp: rosidl_typesupport_fastrtps_cpp;rosidl_typesupport_introspection_cpp
[1.113s] -- Found message_filters: 4.11.17 (/opt/ros/jazzy/share/message_filters/cmake)
[1.239s] -- Found rmw_implementation_cmake: 7.3.3 (/opt/ros/jazzy/share/rmw_implementation_cmake/cmake)
[1.246s] -- Found rmw_fastrtps_cpp: 8.4.4 (/opt/ros/jazzy/share/rmw_fastrtps_cpp/cmake)
[1.433s] -- Found OpenSSL: /usr/lib/x86_64-linux-gnu/libcrypto.so (found version "3.0.13")  
[1.451s] -- Found FastRTPS: /opt/ros/jazzy/include (Required is at least version "2.13") 
[1.483s] -- Using RMW implementation 'rmw_fastrtps_cpp' as default
[1.603s] -- Found nav_msgs: 5.3.8 (/opt/ros/jazzy/share/nav_msgs/cmake)
[1.642s] -- Found sensor_msgs: 5.3.8 (/opt/ros/jazzy/share/sensor_msgs/cmake)
[1.675s] -- Found std_srvs: 5.3.8 (/opt/ros/jazzy/share/std_srvs/cmake)
[1.699s] -- Found tf2: 0.36.21 (/opt/ros/jazzy/share/tf2/cmake)
[1.707s] -- Found tf2_ros: 0.36.21 (/opt/ros/jazzy/share/tf2_ros/cmake)
[1.882s] -- Found turtlebot3_msgs: 2.4.0 (/opt/ros/jazzy/share/turtlebot3_msgs/cmake)
[2.018s] -- Configuring done (2.0s)
[2.043s] -- Generating done (0.0s)
[2.048s] -- Build files have been written to: /home/ram/MRT/turtle/build/turtlebot3_node
[2.061s] Invoked command in '/home/ram/MRT/turtle/build/turtlebot3_node' returned '0': CMAKE_PREFIX_PATH=${CMAKE_PREFIX_PATH}:/home/ram/MRT/turtle/install/turtlebot3_teleop:/home/ram/MRT/turtle/install/turtlebot3_slam_mrt:/home/ram/MRT/turtle/install/turtlebot3_example:/opt/ros/jazzy DEBUGINFOD_URLS=https://debuginfod.ubuntu.com /usr/bin/cmake /home/ram/MRT/turtle/src/turtlebot3/turtlebot3_node -DAMENT_CMAKE_SYMLINK_INSTALL=1 -DCMAKE_INSTALL_PREFIX=/home/ram/MRT/turtle/install/turtlebot3_node
[2.062s] Invoking command in '/home/ram/MRT/turtle/build/turtlebot3_node': CMAKE_PREFIX_PATH=${CMAKE_PREFIX_PATH}:/home/ram/MRT/turtle/install/turtlebot3_teleop:/home/ram/MRT/turtle/install/turtlebot3_slam_mrt:/home/ram/MRT/turtle/install/turtlebot3_example:/opt/ros/jazzy DEBUGINFOD_URLS=https://debuginfod.ubuntu.com /usr/bin/cmake --build /home/ram/MRT/turtle/build/turtlebot3_node -- -j12 -l12
[2.136s] [  7%] [32mBuilding CXX object CMakeFiles/turtlebot3_node_lib.dir/src/devices/motor_power.cpp.o[0m
[5.858s] [ 14%] [32mBuilding CXX object CMakeFiles/turtlebot3_node_lib.dir/src/sensors/sensor_state.cpp.o[0m
[9.807s] [ 21%] [32mBuilding CXX object CMakeFiles/turtlebot3_node_lib.dir/src/sensors/joint_state.cpp.o[0m
[13.892s] [ 28%] [32mBuilding CXX object CMakeFiles/turtlebot3_node_lib.dir/src/sensors/imu.cpp.o[0m
[18.683s] [ 35%] [32mBuilding CXX object CMakeFiles/turtlebot3_node_lib.dir/src/sensors/battery_state.cpp.o[0m
[22.603s] [ 42%] [32mBuilding CXX object CMakeFiles/turtlebot3_node_lib.dir/src/turtlebot3.cpp.o[0m
[34.119s] [ 50%] [32mBuilding CXX object CMakeFiles/turtlebot3_node_lib.dir/src/dynamixel_sdk_wrapper.cpp.o[0m
[34.127s] [ 64%] [32mBuilding CXX object CMakeFiles/turtlebot3_node_lib.dir/src/diff_drive_controller.cpp.o[0m
[34.127s] [ 64%] [32mBuilding CXX object CMakeFiles/turtlebot3_node_lib.dir/src/devices/sound.cpp.o[0m
[34.129s] [ 71%] [32mBuilding CXX object CMakeFiles/turtlebot3_node_lib.dir/src/odometry.cpp.o[0m
[34.130s] [ 78%] [32mBuilding CXX object CMakeFiles/turtlebot3_node_lib.dir/src/devices/reset.cpp.o[0m
[47.028s] [ 85%] [32m[1mLinking CXX static library libturtlebot3_node_lib.a[0m
[47.633s] [ 85%] Built target turtlebot3_node_lib
[47.676s] [ 92%] [32mBuilding CXX object CMakeFiles/turtlebot3_ros.dir/src/node_main.cpp.o[0m
[50.802s] [100%] [32m[1mLinking CXX executable turtlebot3_ros[0m
[52.422s] [100%] Built target turtlebot3_ros
[52.439s] Invoked command in '/home/ram/MRT/turtle/build/turtlebot3_node' returned '0': CMAKE_PREFIX_PATH=${CMAKE_PREFIX_PATH}:/home/ram/MRT/turtle/install/turtlebot3_teleop:/home/ram/MRT/turtle/install/turtlebot3_slam_mrt:/home/ram/MRT/turtle/install/turtlebot3_example:/opt/ros/jazzy DEBUGINFOD_URLS=https://debuginfod.ubuntu.com /usr/bin/cmake --build /home/ram/MRT/turtle/build/turtlebot3_node -- -j12 -l12
[52.440s] Invoking command in '/home/ram/MRT/turtle/build/turtlebot3_node': CMAKE_PREFIX_PATH=${CMAKE_PREFIX_PATH}:/home/ram/MRT/turtle/install/turtlebot3_teleop:/home/ram/MRT/turtle/install/turtlebot3_slam_mrt:/home/ram/MRT/turtle/install/turtlebot3_example:/opt/ros/jazzy DEBUGINFOD_URLS=https://debuginfod.ubuntu.com /usr/bin/cmake --install /home/ram/MRT/turtle/build/turtlebot3_node
[52.460s] -- Install configuration: ""
[52.460s] -- Execute custom install script
[52.461s] -- Symlinking: /home/ram/MRT/turtle/install/turtlebot3_node/share/turtlebot3_node/param/burger.yaml
[52.480s] -- Symlinking: /home/ram/MRT/turtle/install/turtlebot3_node/share/turtlebot3_node/param/waffle.yaml
[52.492s] -- Symlinking: /home/ram/MRT/turtle/install/turtlebot3_node/share/turtlebot3_node/param/waffle_pi.yaml
[52.503s] -- Symlinking: /home/ram/MRT/turtle/install/turtlebot3_node/lib/turtlebot3_node/turtlebot3_ros
[52.514s] -- Symlinking: /home/ram/MRT/turtle/install/turtlebot3_node/share/ament_index/resource_index/package_run_dependencies/turtlebot3_node
[52.525s] -- Symlinking: /home/ram/MRT/turtle/install/turtlebot3_node/share/ament_index/resource_index/parent_prefix_path/turtlebot3_node
[52.536s] -- Symlinking: /home/ram/MRT/turtle/install/turtlebot3_node/share/turtlebot3_node/environment/ament_prefix_path.sh
[52.547s] -- Symlinking: /home/ram/MRT/turtle/install/turtlebot3_node/share/turtlebot3_node/environment/ament_prefix_path.dsv
[52.558s] -- Symlinking: /home/ram/MRT/turtle/install/turtlebot3_node/share/turtlebot3_node/environment/path.sh
[52.569s] -- Symlinking: /home/ram/MRT/turtle/install/turtlebot3_node/share/turtlebot3_node/environment/path.dsv
[52.579s] -- Symlinking: /home/ram/MRT/turtle/install/turtlebot3_node/share/turtlebot3_node/local_setup.bash
[52.589s] -- Symlinking: /home/ram/MRT/turtle/install/turtlebot3_node/share/turtlebot3_node/local_setup.sh
[52.600s] -- Symlinking: /home/ram/MRT/turtle/install/turtlebot3_node/share/turtlebot3_node/local_setup.zsh
[52.611s] -- Symlinking: /home/ram/MRT/turtle/install/turtlebot3_node/share/turtlebot3_node/local_setup.dsv
[52.622s] -- Symlinking: /home/ram/MRT/turtle/install/turtlebot3_node/share/turtlebot3_node/package.dsv
[52.633s] -- Symlinking: /home/ram/MRT/turtle/install/turtlebot3_node/share/ament_index/resource_index/packages/turtlebot3_node
[52.645s] -- Symlinking: /home/ram/MRT/turtle/install/turtlebot3_node/share/turtlebot3_node/cmake/ament_cmake_export_dependencies-extras.cmake
[52.656s] -- Symlinking: /home/ram/MRT/turtle/install/turtlebot3_node/share/turtlebot3_node/cmake/ament_cmake_export_include_directories-extras.cmake
[52.667s] -- Symlinking: /home/ram/MRT/turtle/install/turtlebot3_node/share/turtlebot3_node/cmake/turtlebot3_nodeConfig.cmake
[52.677s] -- Symlinking: /home/ram/MRT/turtle/install/turtlebot3_node/share/turtlebot3_node/cmake/turtlebot3_nodeConfig-version.cmake
[52.688s] -- Symlinking: /home/ram/MRT/turtle/install/turtlebot3_node/share/turtlebot3_node/package.xml
[52.701s] Invoked command in '/home/ram/MRT/turtle/build/turtlebot3_node' returned '0': CMAKE_PREFIX_PATH=${CMAKE_PREFIX_PATH}:/home/ram/MRT/turtle/install/turtlebot3_teleop:/home/ram/MRT/turtle/install/turtlebot3_slam_mrt:/home/ram/MRT/turtle/install/turtlebot3_example:/opt/ros/jazzy DEBUGINFOD_URLS=https://debuginfod.ubuntu.com /usr/bin/cmake --install /home/ram/MRT/turtle/build/turtlebot3_node
